
> tkf-signal@0.1.0 dev
> next dev

▲ Next.js 16.3.4 (Turbopack)
- Local:         http://localhost:3000
- Network:       http://198.18.0.0:3000
- Environments: .env.local
✓ Ready in 2.5s
✓ Running next.config.ts took 985ms

○ Compiling /menus ...
 GET /api/health 200 in 7.5s (next.js: 7.4s, application-code: 35ms)
 GET /menus 200 in 8.3s (next.js: 8.0s, application-code: 289ms)
 GET /menus 200 in 173ms (next.js: 9ms, application-code: 163ms)
 GET / 200 in 457ms (next.js: 403ms, application-code: 54ms)
 GET /api/health 200 in 15ms (next.js: 8ms, application-code: 8ms)
 GET /menus 200 in 44ms (next.js: 8ms, application-code: 36ms)
 GET / 200 in 49ms (next.js: 5ms, application-code: 44ms)
 GET /api/health 200 in 8ms (next.js: 3ms, application-code: 6ms)
 GET /menus 200 in 48ms (next.js: 5ms, application-code: 43ms)
 GET / 200 in 48ms (next.js: 5ms, application-code: 43ms)
 GET / 200 in 38ms (next.js: 7ms, application-code: 31ms)
 GET /menus 200 in 78ms (next.js: 14ms, application-code: 63ms)
 GET /menus 200 in 57ms (next.js: 6ms, application-code: 50ms)
 GET /menus 200 in 27ms (next.js: 5ms, application-code: 22ms)
 GET /menus 200 in 52ms (next.js: 6ms, application-code: 46ms)
 GET /menus 200 in 63ms (next.js: 7ms, application-code: 56ms)
 GET / 200 in 47ms (next.js: 7ms, application-code: 40ms)
 GET / 200 in 33ms (next.js: 6ms, application-code: 28ms)
 GET / 200 in 32ms (next.js: 5ms, application-code: 27ms)
 GET /analysis 200 in 135ms (next.js: 108ms, application-code: 27ms)
 POST /api/analysis 200 in 65s (next.js: 2.6s, application-code: 62s)
 GET /global-clicks 200 in 52ms (next.js: 28ms, application-code: 24ms)
 GET /menus 200 in 29ms (next.js: 12ms, application-code: 17ms)
 GET /global-clicks 200 in 22ms (next.js: 5ms, application-code: 17ms)
 GET /menus 200 in 20ms (next.js: 5ms, application-code: 15ms)
 GET /analysis 200 in 28ms (next.js: 12ms, application-code: 16ms)
 GET /sources 200 in 91ms (next.js: 36ms, application-code: 55ms)
 GET /sources 200 in 72ms (next.js: 10ms, application-code: 63ms)
 GET /global-clicks 200 in 22ms (next.js: 6ms, application-code: 16ms)
 GET /menus 200 in 27ms (next.js: 8ms, application-code: 19ms)
 GET /menus 200 in 19ms (next.js: 4ms, application-code: 15ms)
 GET /global-clicks 200 in 19ms (next.js: 4ms, application-code: 15ms)
 GET /menus 200 in 20ms (next.js: 4ms, application-code: 16ms)
 GET / 200 in 43ms (next.js: 9ms, application-code: 34ms)
 GET / 200 in 59ms (next.js: 7ms, application-code: 52ms)
 GET /menus 200 in 24ms (next.js: 5ms, application-code: 19ms)
 GET /global-clicks 200 in 24ms (next.js: 5ms, application-code: 19ms)
 GET /sources 200 in 25ms (next.js: 4ms, application-code: 21ms)
 GET /global-clicks 200 in 24ms (next.js: 9ms, application-code: 15ms)
 GET /sources 200 in 37ms (next.js: 9ms, application-code: 28ms)
 POST /api/sync/ga4 200 in 4.1s (next.js: 84ms, application-code: 4.0s)
 GET /sources 200 in 32ms (next.js: 6ms, application-code: 26ms)
 GET /menus 200 in 25ms (next.js: 4ms, application-code: 20ms)
 GET / 200 in 34ms (next.js: 5ms, application-code: 29ms)
 GET /menus 200 in 22ms (next.js: 5ms, application-code: 17ms)
 GET /global-clicks 200 in 24ms (next.js: 4ms, application-code: 21ms)
▲ Next.js 16.3.4 (Turbopack)
- Local:         http://localhost:3000
- Network:       http://198.18.0.0:3000
- Environments: .env.local
✓ Ready in 412ms
✓ Running next.config.ts took 33ms

 GET /global-clicks 200 in 1044ms (next.js: 818ms, application-code: 226ms)
 GET /analysis 200 in 56ms (next.js: 32ms, application-code: 24ms)
 GET /sources 200 in 92ms (next.js: 42ms, application-code: 49ms)
